src/admin/admin.controller.ts(30,26): error TS2307: Cannot find module 'prisma-client-custom' or its corresponding type declarations.
src/admin/admin.service.ts(3,110): error TS2307: Cannot find module 'prisma-client-custom' or its corresponding type declarations.
src/admin/admin.service.ts(46,33): error TS2339: Property 'user' does not exist on type 'PrismaService'.
src/admin/admin.service.ts(61,40): error TS2339: Property 'notification' does not exist on type 'PrismaService'.
src/admin/admin.service.ts(91,40): error TS2339: Property 'provider' does not exist on type 'PrismaService'.
src/admin/admin.service.ts(107,40): error TS2339: Property 'booking' does not exist on type 'PrismaService'.
src/admin/admin.service.ts(209,36): error TS2339: Property 'user' does not exist on type 'PrismaService'.
src/admin/admin.service.ts(217,40): error TS2339: Property 'booking' does not exist on type 'PrismaService'.
src/admin/admin.service.ts(362,19): error TS2339: Property 'booking' does not exist on type 'PrismaService'.
src/admin/admin.service.ts(377,19): error TS2339: Property 'user' does not exist on type 'PrismaService'.
src/admin/admin.service.ts(381,19): error TS2339: Property 'feedback' does not exist on type 'PrismaService'.
src/admin/admin.service.ts(393,19): error TS2339: Property 'provider' does not exist on type 'PrismaService'.
src/admin/admin.service.ts(397,19): error TS2339: Property 'feedback' does not exist on type 'PrismaService'.
src/admin/admin.service.ts(790,19): error TS2339: Property 'user' does not exist on type 'PrismaService'.
src/admin/admin.service.ts(802,38): error TS2339: Property 'user' does not exist on type 'PrismaService'.
src/admin/admin.service.ts(824,36): error TS2339: Property 'user' does not exist on type 'PrismaService'.
src/admin/admin.service.ts(831,39): error TS2339: Property 'user' does not exist on type 'PrismaService'.
src/admin/admin.service.ts(877,19): error TS2339: Property 'provider' does not exist on type 'PrismaService'.
src/admin/admin.service.ts(888,19): error TS2339: Property 'provider' does not exist on type 'PrismaService'.
src/admin/admin.service.ts(896,48): error TS2339: Property 'booking' does not exist on type 'PrismaService'.
src/admin/admin.service.ts(959,40): error TS2339: Property 'provider' does not exist on type 'PrismaService'.
src/admin/admin.service.ts(967,47): error TS2339: Property 'provider' does not exist on type 'PrismaService'.
src/admin/admin.service.ts(986,40): error TS2339: Property 'provider' does not exist on type 'PrismaService'.
src/admin/admin.service.ts(994,47): error TS2339: Property 'provider' does not exist on type 'PrismaService'.
src/admin/admin.service.ts(1050,19): error TS2339: Property 'booking' does not exist on type 'PrismaService'.
src/admin/admin.service.ts(1058,19): error TS2339: Property 'booking' does not exist on type 'PrismaService'.
src/admin/admin.service.ts(1070,24): error TS2339: Property 'provider' does not exist on type 'PrismaService'.
src/admin/admin.service.ts(1077,40): error TS2339: Property 'provider' does not exist on type 'PrismaService'.
src/admin/admin.service.ts(1085,47): error TS2339: Property 'provider' does not exist on type 'PrismaService'.
src/admin/admin.service.ts(1109,47): error TS2339: Property 'provider' does not exist on type 'PrismaService'.
src/admin/admin.service.ts(1167,19): error TS2339: Property 'user' does not exist on type 'PrismaService'.
src/admin/admin.service.ts(1168,19): error TS2339: Property 'provider' does not exist on type 'PrismaService'.
src/admin/admin.service.ts(1169,19): error TS2339: Property 'booking' does not exist on type 'PrismaService'.
src/admin/admin.service.ts(1170,19): error TS2339: Property 'provider' does not exist on type 'PrismaService'.
src/admin/admin.service.ts(1171,19): error TS2339: Property 'supportTicket' does not exist on type 'PrismaService'.
src/admin/admin.service.ts(1172,19): error TS2339: Property 'booking' does not exist on type 'PrismaService'.
src/admin/admin.service.ts(1176,19): error TS2339: Property 'booking' does not exist on type 'PrismaService'.
src/admin/admin.service.ts(1181,19): error TS2339: Property 'booking' does not exist on type 'PrismaService'.
src/admin/admin.service.ts(1188,19): error TS2339: Property 'booking' does not exist on type 'PrismaService'.
src/admin/admin.service.ts(1191,19): error TS2339: Property 'booking' does not exist on type 'PrismaService'.
src/admin/admin.service.ts(1198,19): error TS2339: Property 'booking' does not exist on type 'PrismaService'.
src/admin/admin.service.ts(1201,19): error TS2339: Property 'booking' does not exist on type 'PrismaService'.
src/admin/admin.service.ts(1204,19): error TS2339: Property 'booking' does not exist on type 'PrismaService'.
src/admin/admin.service.ts(1211,19): error TS2339: Property 'booking' does not exist on type 'PrismaService'.
src/admin/admin.service.ts(1218,19): error TS2339: Property 'user' does not exist on type 'PrismaService'.
src/admin/admin.service.ts(1219,19): error TS2339: Property 'user' does not exist on type 'PrismaService'.
src/admin/admin.service.ts(1222,19): error TS2339: Property 'booking' does not exist on type 'PrismaService'.
src/admin/admin.service.ts(1283,36): error TS2339: Property 'user' does not exist on type 'PrismaService'.
src/admin/admin.service.ts(1300,21): error TS2339: Property 'user' does not exist on type 'PrismaService'.
src/admin/admin.service.ts(1301,21): error TS2339: Property 'user' does not exist on type 'PrismaService'.
src/admin/admin.service.ts(1302,21): error TS2339: Property 'user' does not exist on type 'PrismaService'.
src/admin/admin.service.ts(1303,21): error TS2339: Property 'user' does not exist on type 'PrismaService'.
src/admin/admin.service.ts(1304,21): error TS2339: Property 'user' does not exist on type 'PrismaService'.
src/admin/admin.service.ts(1305,21): error TS2339: Property 'user' does not exist on type 'PrismaService'.
src/admin/admin.service.ts(1322,36): error TS2339: Property 'user' does not exist on type 'PrismaService'.
src/admin/admin.service.ts(1329,24): error TS2339: Property 'user' does not exist on type 'PrismaService'.
src/admin/admin.service.ts(1336,36): error TS2339: Property 'user' does not exist on type 'PrismaService'.
src/admin/admin.service.ts(1343,23): error TS2339: Property 'user' does not exist on type 'PrismaService'.
src/admin/admin.service.ts(1351,40): error TS2339: Property 'provider' does not exist on type 'PrismaService'.
src/admin/admin.service.ts(1364,19): error TS2339: Property 'provider' does not exist on type 'PrismaService'.
src/admin/admin.service.ts(1365,19): error TS2339: Property 'provider' does not exist on type 'PrismaService'.
src/admin/admin.service.ts(1366,19): error TS2339: Property 'provider' does not exist on type 'PrismaService'.
src/admin/admin.service.ts(1367,19): error TS2339: Property 'provider' does not exist on type 'PrismaService'.
src/admin/admin.service.ts(1368,19): error TS2339: Property 'provider' does not exist on type 'PrismaService'.
src/admin/admin.service.ts(1375,39): error TS2339: Property 'booking' does not exist on type 'PrismaService'.
src/admin/admin.service.ts(1409,21): error TS2339: Property 'booking' does not exist on type 'PrismaService'.
src/admin/admin.service.ts(1410,21): error TS2339: Property 'booking' does not exist on type 'PrismaService'.
src/admin/admin.service.ts(1411,21): error TS2339: Property 'booking' does not exist on type 'PrismaService'.
src/admin/admin.service.ts(1412,21): error TS2339: Property 'booking' does not exist on type 'PrismaService'.
src/admin/admin.service.ts(1413,21): error TS2339: Property 'booking' does not exist on type 'PrismaService'.
src/admin/admin.service.ts(1414,21): error TS2339: Property 'booking' does not exist on type 'PrismaService'.
src/admin/admin.service.ts(1444,39): error TS2339: Property 'booking' does not exist on type 'PrismaService'.
src/admin/admin.service.ts(1457,24): error TS2339: Property 'booking' does not exist on type 'PrismaService'.
src/admin/admin.service.ts(1475,40): error TS2339: Property 'booking' does not exist on type 'PrismaService'.
src/admin/admin.service.ts(1530,40): error TS2339: Property 'booking' does not exist on type 'PrismaService'.
src/admin/admin.service.ts(1596,19): error TS2339: Property 'user' does not exist on type 'PrismaService'.
src/admin/admin.service.ts(1597,19): error TS2339: Property 'booking' does not exist on type 'PrismaService'.
src/admin/admin.service.ts(1598,19): error TS2339: Property 'booking' does not exist on type 'PrismaService'.
src/admin/admin.service.ts(1605,19): error TS2339: Property 'provider' does not exist on type 'PrismaService'.
src/admin/admin.service.ts(1643,19): error TS2339: Property 'user' does not exist on type 'PrismaService'.
src/admin/admin.service.ts(1644,19): error TS2339: Property 'user' does not exist on type 'PrismaService'.
src/admin/admin.service.ts(1645,19): error TS2339: Property 'provider' does not exist on type 'PrismaService'.
src/admin/admin.service.ts(1646,19): error TS2339: Property 'provider' does not exist on type 'PrismaService'.
src/admin/admin.service.ts(1647,19): error TS2339: Property 'booking' does not exist on type 'PrismaService'.
src/admin/admin.service.ts(1648,19): error TS2339: Property 'booking' does not exist on type 'PrismaService'.
src/admin/admin.service.ts(1652,19): error TS2339: Property 'supportTicket' does not exist on type 'PrismaService'.
src/admin/admin.service.ts(1653,19): error TS2339: Property 'provider' does not exist on type 'PrismaService'.
src/admin/admin.service.ts(1654,19): error TS2339: Property 'feedback' does not exist on type 'PrismaService'.
src/admin/admin.service.ts(1677,25): error TS2339: Property 'auditLog' does not exist on type 'PrismaService'.
src/admin/admin.service.ts(1705,19): error TS2339: Property 'auditLog' does not exist on type 'PrismaService'.
src/admin/admin.service.ts(1711,19): error TS2339: Property 'auditLog' does not exist on type 'PrismaService'.
src/admin/admin.service.ts(1738,19): error TS2339: Property 'accessLog' does not exist on type 'PrismaService'.
src/admin/admin.service.ts(1744,19): error TS2339: Property 'accessLog' does not exist on type 'PrismaService'.
src/admin/admin.service.ts(1759,24): error TS2339: Property 'systemSetting' does not exist on type 'PrismaService'.
src/admin/admin.service.ts(1765,39): error TS2339: Property 'systemSetting' does not exist on type 'PrismaService'.
src/admin/dto/send-notification.dto.ts(3,34): error TS2307: Cannot find module 'prisma-client-custom' or its corresponding type declarations.
src/alerts/alerts.service.ts(11,24): error TS2339: Property 'priceAlert' does not exist on type 'PrismaService'.
src/alerts/alerts.service.ts(22,24): error TS2339: Property 'priceAlert' does not exist on type 'PrismaService'.
src/alerts/alerts.service.ts(29,37): error TS2339: Property 'priceAlert' does not exist on type 'PrismaService'.
src/alerts/alerts.service.ts(37,24): error TS2339: Property 'priceAlert' does not exist on type 'PrismaService'.
src/alerts/dto/create-alert.dto.ts(2,27): error TS2307: Cannot find module 'prisma-client-custom' or its corresponding type declarations.
src/auth/auth.service.ts(10,34): error TS2307: Cannot find module 'prisma-client-custom' or its corresponding type declarations.
src/auth/auth.service.ts(12,26): error TS2307: Cannot find module 'prisma-client-custom' or its corresponding type declarations.
src/auth/decorators/roles.decorator.ts(2,26): error TS2307: Cannot find module 'prisma-client-custom' or its corresponding type declarations.
src/auth/dto/register.dto.ts(2,26): error TS2307: Cannot find module 'prisma-client-custom' or its corresponding type declarations.
src/auth/guards/roles.guard.ts(3,26): error TS2307: Cannot find module 'prisma-client-custom' or its corresponding type declarations.
src/blog/blog.controller.ts(6,26): error TS2307: Cannot find module 'prisma-client-custom' or its corresponding type declarations.
src/blog/blog.service.ts(3,26): error TS2307: Cannot find module 'prisma-client-custom' or its corresponding type declarations.
src/blog/blog.service.ts(13,24): error TS2339: Property 'blogPost' does not exist on type 'PrismaService'.
src/blog/blog.service.ts(41,19): error TS2339: Property 'blogPost' does not exist on type 'PrismaService'.
src/blog/blog.service.ts(47,19): error TS2339: Property 'blogPost' does not exist on type 'PrismaService'.
src/blog/blog.service.ts(62,36): error TS2339: Property 'blogPost' does not exist on type 'PrismaService'.
src/blog/blog.service.ts(74,36): error TS2339: Property 'blogPost' does not exist on type 'PrismaService'.
src/blog/blog.service.ts(87,24): error TS2339: Property 'blogPost' does not exist on type 'PrismaService'.
src/blog/blog.service.ts(95,24): error TS2339: Property 'blogPost' does not exist on type 'PrismaService'.
src/bookings/bookings.service.ts(5,96): error TS2307: Cannot find module 'prisma-client-custom' or its corresponding type declarations.
src/bookings/bookings.service.ts(26,37): error TS2339: Property 'route' does not exist on type 'PrismaService'.
src/bookings/bookings.service.ts(86,38): error TS2339: Property '$transaction' does not exist on type 'PrismaService'.
src/bookings/bookings.service.ts(205,42): error TS2339: Property 'provider' does not exist on type 'PrismaService'.
src/bookings/bookings.service.ts(221,24): error TS2339: Property 'booking' does not exist on type 'PrismaService'.
src/bookings/bookings.service.ts(235,24): error TS2339: Property 'booking' does not exist on type 'PrismaService'.
src/bookings/bookings.service.ts(299,19): error TS2339: Property 'booking' does not exist on type 'PrismaService'.
src/bookings/bookings.service.ts(319,19): error TS2339: Property 'booking' does not exist on type 'PrismaService'.
src/bookings/bookings.service.ts(334,39): error TS2339: Property 'booking' does not exist on type 'PrismaService'.
src/bookings/bookings.service.ts(354,39): error TS2339: Property 'booking' does not exist on type 'PrismaService'.
src/bookings/bookings.service.ts(364,46): error TS2339: Property 'booking' does not exist on type 'PrismaService'.
src/bookings/bookings.service.ts(400,39): error TS2339: Property 'booking' does not exist on type 'PrismaService'.
src/bookings/bookings.service.ts(452,46): error TS2339: Property '$transaction' does not exist on type 'PrismaService'.
src/bookings/bookings.service.ts(495,39): error TS2339: Property 'booking' does not exist on type 'PrismaService'.
src/bookings/bookings.service.ts(506,25): error TS2339: Property 'route' does not exist on type 'PrismaService'.
src/bookings/bookings.service.ts(518,39): error TS2339: Property 'route' does not exist on type 'PrismaService'.
src/bookings/bookings.service.ts(522,25): error TS2339: Property 'route' does not exist on type 'PrismaService'.
src/bookings/bookings.service.ts(532,24): error TS2339: Property 'booking' does not exist on type 'PrismaService'.
src/common/interceptors/api-metrics.interceptor.ts(23,31): error TS2339: Property 'apiMetric' does not exist on type 'PrismaService'.
src/common/interceptors/api-metrics.interceptor.ts(39,31): error TS2339: Property 'apiMetric' does not exist on type 'PrismaService'.
src/common/middlewares/access-logger.middleware.ts(50,35): error TS2339: Property 'accessLog' does not exist on type 'PrismaService'.
src/destinations/destinations.controller.ts(6,26): error TS2307: Cannot find module 'prisma-client-custom' or its corresponding type declarations.
src/destinations/destinations.service.ts(9,24): error TS2339: Property 'destinationContent' does not exist on type 'PrismaService'.
src/destinations/destinations.service.ts(16,24): error TS2339: Property 'destinationContent' does not exist on type 'PrismaService'.
src/destinations/destinations.service.ts(24,26): error TS2339: Property 'destinationContent' does not exist on type 'PrismaService'.
src/destinations/destinations.service.ts(26,24): error TS2339: Property 'destinationContent' does not exist on type 'PrismaService'.
src/destinations/destinations.service.ts(30,24): error TS2339: Property 'destinationContent' does not exist on type 'PrismaService'.
src/experiments/experiments.service.ts(11,24): error TS2339: Property 'promoExperiment' does not exist on type 'PrismaService'.
src/experiments/experiments.service.ts(15,24): error TS2339: Property 'promoEvent' does not exist on type 'PrismaService'.
src/feature-flags/feature-flags.controller.ts(6,26): error TS2307: Cannot find module 'prisma-client-custom' or its corresponding type declarations.
src/feature-flags/feature-flags.service.ts(13,24): error TS2339: Property 'featureFlag' does not exist on type 'PrismaService'.
src/feature-flags/feature-flags.service.ts(17,24): error TS2339: Property 'featureFlag' does not exist on type 'PrismaService'.
src/feature-flags/feature-flags.service.ts(25,24): error TS2339: Property 'featureFlag' does not exist on type 'PrismaService'.
src/feature-flags/feature-flags.service.ts(29,24): error TS2339: Property 'featureFlag' does not exist on type 'PrismaService'.
src/feedback/dto/create-feedback.dto.ts(2,30): error TS2307: Cannot find module 'prisma-client-custom' or its corresponding type declarations.
src/feedback/feedback.service.ts(5,24): error TS2307: Cannot find module 'prisma-client-custom' or its corresponding type declarations.
src/feedback/feedback.service.ts(22,24): error TS2339: Property 'feedback' does not exist on type 'PrismaService'.
src/feedback/feedback.service.ts(33,19): error TS2339: Property 'feedback' does not exist on type 'PrismaService'.
src/feedback/feedback.service.ts(46,19): error TS2339: Property 'feedback' does not exist on type 'PrismaService'.
src/feedback/feedback.service.ts(63,40): error TS2339: Property 'feedback' does not exist on type 'PrismaService'.
src/feedback/feedback.service.ts(71,24): error TS2339: Property 'feedback' does not exist on type 'PrismaService'.
src/feedback/feedback.service.ts(81,24): error TS2339: Property 'feedback' does not exist on type 'PrismaService'.
src/feedback/feedback.service.ts(89,24): error TS2339: Property 'feedback' does not exist on type 'PrismaService'.
src/feedback/feedback.service.ts(97,24): error TS2339: Property 'feedback' does not exist on type 'PrismaService'.
src/feedback/feedback.service.ts(104,40): error TS2339: Property 'provider' does not exist on type 'PrismaService'.
src/feedback/feedback.service.ts(112,24): error TS2339: Property 'feedback' does not exist on type 'PrismaService'.
src/feedback/feedback.service.ts(120,40): error TS2339: Property 'feedback' does not exist on type 'PrismaService'.
src/feedback/feedback.service.ts(128,24): error TS2339: Property 'feedback' does not exist on type 'PrismaService'.
src/feedback/feedback.service.ts(135,40): error TS2339: Property 'feedback' does not exist on type 'PrismaService'.
src/feedback/feedback.service.ts(143,24): error TS2339: Property 'feedback' does not exist on type 'PrismaService'.
src/locations/locations.service.ts(144,38): error TS2339: Property 'route' does not exist on type 'PrismaService'.
src/metrics/metrics.controller.ts(12,39): error TS2339: Property 'apiMetric' does not exist on type 'PrismaService'.
src/notifications/notifications.service.ts(3,54): error TS2307: Cannot find module 'prisma-client-custom' or its corresponding type declarations.
src/notifications/notifications.service.ts(14,44): error TS2339: Property 'notification' does not exist on type 'PrismaService'.
src/notifications/notifications.service.ts(31,24): error TS2339: Property 'notification' does not exist on type 'PrismaService'.
src/notifications/notifications.service.ts(38,37): error TS2339: Property 'notification' does not exist on type 'PrismaService'.
src/notifications/notifications.service.ts(48,44): error TS2339: Property 'notification' does not exist on type 'PrismaService'.
src/notifications/notifications.service.ts(56,24): error TS2339: Property 'notification' does not exist on type 'PrismaService'.
src/notifications/notifications.service.ts(66,24): error TS2339: Property 'notification' does not exist on type 'PrismaService'.
src/notifications/notifications.service.ts(79,44): error TS2339: Property 'notification' does not exist on type 'PrismaService'.
src/notifications/notifications.service.ts(87,24): error TS2339: Property 'notification' does not exist on type 'PrismaService'.
src/prisma/prisma.service.ts(2,30): error TS2307: Cannot find module 'prisma-client-custom' or its corresponding type declarations.
src/prisma/prisma.service.ts(7,16): error TS2339: Property '$connect' does not exist on type 'PrismaService'.
src/prisma/prisma.service.ts(11,16): error TS2339: Property '$disconnect' does not exist on type 'PrismaService'.
src/promo-codes/dto/create-promo-code.dto.ts(2,48): error TS2307: Cannot find module 'prisma-client-custom' or its corresponding type declarations.
src/promo-codes/promo-codes.controller.ts(8,26): error TS2307: Cannot find module 'prisma-client-custom' or its corresponding type declarations.
src/promo-codes/promo-codes.service.ts(5,48): error TS2307: Cannot find module 'prisma-client-custom' or its corresponding type declarations.
src/promo-codes/promo-codes.service.ts(13,23): error TS2339: Property 'promoCode' does not exist on type 'PrismaService'.
src/promo-codes/promo-codes.service.ts(27,40): error TS2339: Property 'promoCode' does not exist on type 'PrismaService'.
src/promo-codes/promo-codes.service.ts(44,24): error TS2339: Property 'promoCode' does not exist on type 'PrismaService'.
src/promo-codes/promo-codes.service.ts(63,24): error TS2339: Property 'promoCode' does not exist on type 'PrismaService'.
src/promo-codes/promo-codes.service.ts(69,41): error TS2339: Property 'promoCode' does not exist on type 'PrismaService'.
src/promo-codes/promo-codes.service.ts(97,24): error TS2339: Property 'promoCode' does not exist on type 'PrismaService'.
src/promo-codes/promo-codes.service.ts(104,24): error TS2339: Property 'promoCode' does not exist on type 'PrismaService'.
src/promo-codes/promo-codes.service.ts(112,41): error TS2339: Property 'promoCode' does not exist on type 'PrismaService'.
src/promo-codes/promo-codes.service.ts(124,27): error TS2339: Property 'promoCode' does not exist on type 'PrismaService'.
src/promo-codes/promo-codes.service.ts(181,24): error TS2339: Property '$transaction' does not exist on type 'PrismaService'.
src/promo-codes/promo-codes.service.ts(182,21): error TS2339: Property 'promoCode' does not exist on type 'PrismaService'.
src/promo-codes/promo-codes.service.ts(186,21): error TS2339: Property 'promoCodeUsage' does not exist on type 'PrismaService'.
src/providers/dto/create-vehicle.dto.ts(3,29): error TS2307: Cannot find module 'prisma-client-custom' or its corresponding type declarations.
src/providers/providers.service.ts(14,40): error TS2339: Property 'provider' does not exist on type 'PrismaService'.
src/providers/providers.service.ts(38,24): error TS2339: Property 'provider' does not exist on type 'PrismaService'.
src/providers/providers.service.ts(47,40): error TS2339: Property 'provider' does not exist on type 'PrismaService'.
src/providers/providers.service.ts(51,24): error TS2339: Property 'provider' does not exist on type 'PrismaService'.
src/providers/providers.service.ts(58,40): error TS2339: Property 'provider' does not exist on type 'PrismaService'.
src/providers/providers.service.ts(67,47): error TS2339: Property 'vehicle' does not exist on type 'PrismaService'.
src/providers/providers.service.ts(80,24): error TS2339: Property 'vehicle' does not exist on type 'PrismaService'.
src/providers/providers.service.ts(90,39): error TS2339: Property 'vehicle' does not exist on type 'PrismaService'.
src/providers/providers.service.ts(103,42): error TS2339: Property 'vehicle' does not exist on type 'PrismaService'.
src/providers/providers.service.ts(111,24): error TS2339: Property 'vehicle' does not exist on type 'PrismaService'.
src/providers/providers.service.ts(118,39): error TS2339: Property 'vehicle' does not exist on type 'PrismaService'.
src/providers/providers.service.ts(131,44): error TS2339: Property 'route' does not exist on type 'PrismaService'.
src/providers/providers.service.ts(152,24): error TS2339: Property 'vehicle' does not exist on type 'PrismaService'.
src/providers/providers.service.ts(162,24): error TS2339: Property 'vehicle' does not exist on type 'PrismaService'.
src/routes/routes.service.ts(23,39): error TS2339: Property 'vehicle' does not exist on type 'PrismaService'.
src/routes/routes.service.ts(63,48): error TS2339: Property 'route' does not exist on type 'PrismaService'.
src/routes/routes.service.ts(92,49): error TS2339: Property 'route' does not exist on type 'PrismaService'.
src/routes/routes.service.ts(121,37): error TS2339: Property 'route' does not exist on type 'PrismaService'.
src/routes/routes.service.ts(266,39): error TS2339: Property 'route' does not exist on type 'PrismaService'.
src/routes/routes.service.ts(293,37): error TS2339: Property 'route' does not exist on type 'PrismaService'.
src/routes/routes.service.ts(364,19): error TS2339: Property 'route' does not exist on type 'PrismaService'.
src/routes/routes.service.ts(387,19): error TS2339: Property 'route' does not exist on type 'PrismaService'.
src/routes/routes.service.ts(402,37): error TS2339: Property 'route' does not exist on type 'PrismaService'.
src/routes/routes.service.ts(426,41): error TS2339: Property 'vehicle' does not exist on type 'PrismaService'.
src/routes/routes.service.ts(439,44): error TS2339: Property 'route' does not exist on type 'PrismaService'.
src/routes/routes.service.ts(452,37): error TS2339: Property 'route' does not exist on type 'PrismaService'.
src/routes/routes.service.ts(467,45): error TS2339: Property 'booking' does not exist on type 'PrismaService'.
src/routes/routes.service.ts(483,44): error TS2339: Property 'route' does not exist on type 'PrismaService'.
src/routes/routes.service.ts(503,37): error TS2339: Property 'route' does not exist on type 'PrismaService'.
src/support/support.controller.ts(7,26): error TS2307: Cannot find module 'prisma-client-custom' or its corresponding type declarations.
src/support/support.service.ts(5,34): error TS2307: Cannot find module 'prisma-client-custom' or its corresponding type declarations.
src/support/support.service.ts(15,24): error TS2339: Property 'supportTicket' does not exist on type 'PrismaService'.
src/support/support.service.ts(24,24): error TS2339: Property 'supportTicket' does not exist on type 'PrismaService'.
src/support/support.service.ts(32,38): error TS2339: Property 'supportTicket' does not exist on type 'PrismaService'.
src/support/support.service.ts(54,19): error TS2339: Property 'supportTicket' does not exist on type 'PrismaService'.
src/support/support.service.ts(61,19): error TS2339: Property 'supportTicket' does not exist on type 'PrismaService'.
src/support/support.service.ts(78,38): error TS2339: Property 'supportTicket' does not exist on type 'PrismaService'.
src/support/support.service.ts(86,24): error TS2339: Property 'supportTicket' does not exist on type 'PrismaService'.
src/support/support.service.ts(97,19): error TS2339: Property 'supportTicket' does not exist on type 'PrismaService'.
src/support/support.service.ts(98,19): error TS2339: Property 'supportTicket' does not exist on type 'PrismaService'.
src/support/support.service.ts(99,19): error TS2339: Property 'supportTicket' does not exist on type 'PrismaService'.
src/support/support.service.ts(100,19): error TS2339: Property 'supportTicket' does not exist on type 'PrismaService'.
src/support/support.service.ts(101,19): error TS2339: Property 'supportTicket' does not exist on type 'PrismaService'.
src/support/support.service.ts(122,38): error TS2339: Property 'supportTicket' does not exist on type 'PrismaService'.
src/support/support.service.ts(132,25): error TS2339: Property 'supportTicket' does not exist on type 'PrismaService'.
src/support/support.service.ts(138,37): error TS2339: Property 'ticketReply' does not exist on type 'PrismaService'.
src/tracking/tracking.service.ts(19,37): error TS2339: Property 'route' does not exist on type 'PrismaService'.
src/users/users.service.ts(11,24): error TS2339: Property 'user' does not exist on type 'PrismaService'.
src/users/users.service.ts(23,24): error TS2339: Property 'user' does not exist on type 'PrismaService'.
src/users/users.service.ts(30,32): error TS2339: Property 'user' does not exist on type 'PrismaService'.
src/users/users.service.ts(46,24): error TS2339: Property 'user' does not exist on type 'PrismaService'.
src/users/users.service.ts(53,24): error TS2339: Property 'user' does not exist on type 'PrismaService'.
src/users/users.service.ts(60,42): error TS2339: Property 'booking' does not exist on type 'PrismaService'.
